\BOOKMARK [1][-]{section.1}{\376\377\000I\000n\000t\000r\000o\000d\000u\000c\000t\000i\000o\000n\000\040\000a\000n\000d\000\040\000c\000o\000n\000t\000r\000i\000b\000u\000t\000i\000o\000n\000s}{}% 1
\BOOKMARK [1][-]{section.2}{\376\377\000R\000e\000l\000a\000t\000e\000d\000\040\000w\000o\000r\000k\000\040\000a\000n\000d\000\040\000c\000o\000m\000p\000l\000e\000x\000i\000t\000y\000\040\000l\000a\000n\000d\000s\000c\000a\000p\000e}{}% 2
\BOOKMARK [1][-]{section.3}{\376\377\000M\000o\000d\000e\000l\000\040\000a\000n\000d\000\040\000d\000e\000f\000i\000n\000i\000t\000i\000o\000n\000s}{}% 3
\BOOKMARK [2][-]{subsection.3.1}{\376\377\000O\000p\000e\000n\000\040\000a\000n\000d\000\040\000r\000e\000f\000u\000t\000e\000d\000\040\000u\000n\000i\000v\000e\000r\000s\000a\000l\000\040\000t\000a\000r\000g\000e\000t\000s}{section.3}% 4
\BOOKMARK [1][-]{section.4}{\376\377\000O\000r\000d\000e\000r\000\040\000s\000e\000p\000a\000r\000a\000t\000o\000r\000s\000\040\000a\000n\000d\000\040\000a\000l\000g\000o\000r\000i\000t\000h\000m\000i\000c\000\040\000f\000r\000a\000m\000e\000w\000o\000r\000k}{}% 5
\BOOKMARK [1][-]{section.5}{\376\377\000A\000\040\000r\000e\000s\000t\000r\000i\000c\000t\000e\000d\000\040\000s\000e\000m\000i\000s\000m\000o\000o\000t\000h\000-\000o\000r\000d\000e\000r\000\040\000t\000h\000e\000o\000r\000e\000m}{}% 6
\BOOKMARK [1][-]{section.6}{\376\377\000D\000i\000f\000f\000e\000r\000e\000n\000c\000e\000\040\000c\000o\000v\000e\000r\000a\000g\000e\000\040\000v\000e\000r\000s\000u\000s\000\040\000o\000r\000d\000e\000r\000\040\000s\000e\000p\000a\000r\000a\000t\000i\000o\000n}{}% 7
\BOOKMARK [1][-]{section.7}{\376\377\000A\000\040\000t\000w\000o\000-\000c\000h\000a\000n\000n\000e\000l\000\040\000c\000o\000r\000r\000e\000l\000a\000t\000i\000o\000n\000\040\000b\000a\000r\000r\000i\000e\000r}{}% 8
\BOOKMARK [1][-]{section.8}{\376\377\000A\000\040\000r\000e\000s\000t\000r\000i\000c\000t\000e\000d\000\040\000n\000o\000n\000s\000p\000l\000i\000t\000\040\000L\000u\000c\000a\000s\000\040\000t\000h\000e\000o\000r\000e\000m}{}% 9
\BOOKMARK [1][-]{section.9}{\376\377\000A\000\040\000c\000o\000m\000b\000i\000n\000e\000d\000-\000p\000r\000o\000m\000i\000s\000e\000\040\000d\000e\000n\000s\000i\000t\000y\000\040\000b\000a\000r\000r\000i\000e\000r}{}% 10
\BOOKMARK [1][-]{section.10}{\376\377\000A\000n\000\040\000e\000x\000p\000o\000n\000e\000n\000t\000-\000e\000n\000c\000o\000d\000i\000n\000g\000\040\000d\000i\000v\000i\000s\000o\000r\000\040\000b\000a\000r\000r\000i\000e\000r}{}% 11
\BOOKMARK [1][-]{section.11}{\376\377\000A\000\040\000m\000u\000l\000t\000i\000p\000l\000i\000c\000a\000t\000i\000o\000n\000\040\000s\000t\000r\000a\000i\000g\000h\000t\000-\000l\000i\000n\000e\000\040\000c\000o\000m\000p\000r\000e\000s\000s\000i\000o\000n\000\040\000b\000a\000r\000r\000i\000e\000r}{}% 12
\BOOKMARK [1][-]{section.12}{\376\377\000A\000\040\000c\000o\000n\000s\000t\000a\000n\000t\000-\000s\000e\000n\000s\000i\000t\000i\000v\000e\000\040\000b\000o\000u\000n\000d\000a\000r\000y\000\040\000b\000a\000r\000r\000i\000e\000r}{}% 13
\BOOKMARK [1][-]{section.13}{\376\377\000A\000l\000g\000o\000r\000i\000t\000h\000m\000s\000\040\000a\000n\000d\000\040\000b\000i\000t\000-\000c\000o\000m\000p\000l\000e\000x\000i\000t\000y\000\040\000s\000y\000n\000t\000h\000e\000s\000i\000s}{}% 14
\BOOKMARK [1][-]{section.14}{\376\377\000R\000e\000p\000r\000o\000d\000u\000c\000i\000b\000l\000e\000\040\000e\000x\000p\000e\000r\000i\000m\000e\000n\000t\000a\000l\000\040\000m\000e\000t\000h\000o\000d\000o\000l\000o\000g\000y}{}% 15
\BOOKMARK [1][-]{section.15}{\376\377\000R\000e\000s\000u\000l\000t\000s}{}% 16
\BOOKMARK [1][-]{section.16}{\376\377\000L\000i\000m\000i\000t\000a\000t\000i\000o\000n\000s\000\040\000a\000n\000d\000\040\000o\000p\000e\000n\000\040\000p\000r\000o\000b\000l\000e\000m\000s}{}% 17
\BOOKMARK [1][-]{section.17}{\376\377\000C\000o\000n\000c\000l\000u\000s\000i\000o\000n}{}% 18
\BOOKMARK [1][-]{appendix.A}{\376\377\000F\000u\000l\000l\000\040\000p\000r\000o\000o\000f\000s\000\040\000o\000f\000\040\000t\000h\000e\000\040\000s\000e\000p\000a\000r\000a\000t\000o\000r\000\040\000c\000r\000i\000t\000e\000r\000i\000a}{}% 19
\BOOKMARK [2][-]{subsection.A.1}{\376\377\000P\000r\000o\000o\000f\000\040\000o\000f\000\040\000L\000E\000M\000-\0000\0000\0001}{appendix.A}% 20
\BOOKMARK [2][-]{subsection.A.2}{\376\377\000P\000r\000o\000o\000f\000\040\000o\000f\000\040\000L\000E\000M\000-\0000\0000\0002}{appendix.A}% 21
\BOOKMARK [1][-]{appendix.B}{\376\377\000F\000u\000l\000l\000\040\000p\000r\000o\000o\000f\000\040\000o\000f\000\040\000t\000h\000e\000\040\000r\000e\000s\000t\000r\000i\000c\000t\000e\000d\000\040\000t\000h\000e\000o\000r\000e\000m}{}% 22
\BOOKMARK [2][-]{subsection.B.1}{\376\377\000P\000r\000o\000o\000f\000\040\000o\000f\000\040\000T\000H\000M\000-\0000\0000\0001}{appendix.B}% 23
\BOOKMARK [1][-]{appendix.C}{\376\377\000F\000u\000l\000l\000\040\000p\000r\000o\000o\000f\000\040\000o\000f\000\040\000t\000h\000e\000\040\000c\000o\000v\000e\000r\000a\000g\000e\000-\000s\000e\000p\000a\000r\000a\000t\000i\000o\000n\000\040\000b\000a\000r\000r\000i\000e\000r}{}% 24
\BOOKMARK [2][-]{subsection.C.1}{\376\377\000P\000r\000o\000o\000f\000\040\000o\000f\000\040\000B\000A\000R\000-\0000\0000\0001}{appendix.C}% 25
\BOOKMARK [1][-]{appendix.D}{\376\377\000F\000u\000l\000l\000\040\000p\000r\000o\000o\000f\000\040\000o\000f\000\040\000t\000h\000e\000\040\000c\000o\000n\000j\000u\000g\000a\000t\000e\000-\000c\000h\000a\000n\000n\000e\000l\000\040\000b\000a\000r\000r\000i\000e\000r}{}% 26
\BOOKMARK [2][-]{subsection.D.1}{\376\377\000P\000r\000o\000o\000f\000\040\000o\000f\000\040\000B\000A\000R\000-\0000\0000\0002}{appendix.D}% 27
\BOOKMARK [1][-]{appendix.E}{\376\377\000F\000u\000l\000l\000\040\000p\000r\000o\000o\000f\000s\000\040\000o\000f\000\040\000t\000h\000e\000\040\000n\000o\000n\000s\000p\000l\000i\000t\000\040\000L\000u\000c\000a\000s\000\040\000r\000e\000s\000u\000l\000t\000s}{}% 28
\BOOKMARK [2][-]{subsection.E.1}{\376\377\000P\000r\000o\000o\000f\000\040\000o\000f\000\040\000L\000E\000M\000-\0000\0000\0003}{appendix.E}% 29
\BOOKMARK [2][-]{subsection.E.2}{\376\377\000P\000r\000o\000o\000f\000\040\000o\000f\000\040\000T\000H\000M\000-\0000\0000\0002}{appendix.E}% 30
\BOOKMARK [1][-]{appendix.F}{\376\377\000F\000u\000l\000l\000\040\000p\000r\000o\000o\000f\000\040\000o\000f\000\040\000t\000h\000e\000\040\000c\000o\000m\000b\000i\000n\000e\000d\000-\000p\000r\000o\000m\000i\000s\000e\000\040\000d\000e\000n\000s\000i\000t\000y\000\040\000b\000a\000r\000r\000i\000e\000r}{}% 31
\BOOKMARK [2][-]{subsection.F.1}{\376\377\000P\000r\000o\000o\000f\000\040\000o\000f\000\040\000B\000A\000R\000-\0000\0000\0003}{appendix.F}% 32
\BOOKMARK [1][-]{appendix.G}{\376\377\000F\000u\000l\000l\000\040\000p\000r\000o\000o\000f\000\040\000o\000f\000\040\000t\000h\000e\000\040\000e\000x\000p\000o\000n\000e\000n\000t\000-\000e\000n\000c\000o\000d\000i\000n\000g\000\040\000d\000i\000v\000i\000s\000o\000r\000\040\000b\000a\000r\000r\000i\000e\000r}{}% 33
\BOOKMARK [2][-]{subsection.G.1}{\376\377\000P\000r\000o\000o\000f\000\040\000o\000f\000\040\000B\000A\000R\000-\0000\0000\0004}{appendix.G}% 34
\BOOKMARK [1][-]{appendix.H}{\376\377\000F\000u\000l\000l\000\040\000p\000r\000o\000o\000f\000\040\000o\000f\000\040\000t\000h\000e\000\040\000m\000u\000l\000t\000i\000p\000l\000i\000c\000a\000t\000i\000o\000n\000\040\000s\000t\000r\000a\000i\000g\000h\000t\000-\000l\000i\000n\000e\000\040\000c\000o\000m\000p\000r\000e\000s\000s\000i\000o\000n\000\040\000b\000a\000r\000r\000i\000e\000r}{}% 35
\BOOKMARK [2][-]{subsection.H.1}{\376\377\000P\000r\000o\000o\000f\000\040\000o\000f\000\040\000B\000A\000R\000-\0000\0000\0005}{appendix.H}% 36
\BOOKMARK [1][-]{appendix.I}{\376\377\000F\000u\000l\000l\000\040\000p\000r\000o\000o\000f\000\040\000o\000f\000\040\000t\000h\000e\000\040\000c\000o\000n\000s\000t\000a\000n\000t\000-\000s\000e\000n\000s\000i\000t\000i\000v\000e\000\040\000b\000o\000u\000n\000d\000a\000r\000y\000\040\000b\000a\000r\000r\000i\000e\000r}{}% 37
\BOOKMARK [2][-]{subsection.I.1}{\376\377\000P\000r\000o\000o\000f\000\040\000o\000f\000\040\000B\000A\000R\000-\0000\0000\0006}{appendix.I}% 38
\BOOKMARK [1][-]{appendix.J}{\376\377\000R\000e\000p\000r\000o\000d\000u\000c\000t\000i\000o\000n\000\040\000a\000p\000p\000e\000n\000d\000i\000x}{}% 39
